Copyright 1986-2022 Xilinx, Inc. All Rights Reserved.
-------------------------------------------------------------------------------------------------------------------------------------------------------------------------------
| Tool Version : Vivado v.2022.1 (lin64) Build 3526262 Mon Apr 18 15:47:01 MDT 2022
| Date         : Mon Jun 19 23:10:30 2023
| Host         : HLS03 running 64-bit Ubuntu 20.04.3 LTS
| Command      : report_accelerator_utilization -kernels { Top_Kernel:level0_i/ulp/Top_Kernel_1/inst:Top_Kernel_1} -file kernel_util_routed.rpt -name kernel_util_routed -json
| Design       : level0_wrapper
| Device       : xcu50
| Design State : Routed
-------------------------------------------------------------------------------------------------------------------------------------------------------------------------------

Accelerator Utilization Design Information

Table of Contents
-----------------
1. System Utilization

1. System Utilization
---------------------

+---------------------+------------------+------------------+-------------------+----------------+---------------+----------------+
| Name                | LUT              | LUTAsMem         | REG               | BRAM           | URAM          | DSP            |
+---------------------+------------------+------------------+-------------------+----------------+---------------+----------------+
| Platform            | 126822 [ 14.57%] |  10108 [  2.51%] |  165892 [  9.52%] |  181 [ 13.47%] |   4 [  0.63%] |    4 [  0.07%] |
| User Budget         | 743898 [100.00%] | 392612 [100.00%] | 1577468 [100.00%] | 1163 [100.00%] | 636 [100.00%] | 5948 [100.00%] |
|    Used Resources   |  95557 [ 12.85%] |  10300 [  2.62%] |  115022 [  7.29%] |  350 [ 30.09%] |   0 [  0.00%] |  638 [ 10.73%] |
|    Unused Resources | 648341 [ 87.15%] | 382312 [ 97.38%] | 1462446 [ 92.71%] |  813 [ 69.91%] | 636 [100.00%] | 5310 [ 89.27%] |
| Top_Kernel          |  95557 [ 12.85%] |  10300 [  2.62%] |  115022 [  7.29%] |  350 [ 30.09%] |   0 [  0.00%] |  638 [ 10.73%] |
|    Top_Kernel_1     |  95557 [ 12.85%] |  10300 [  2.62%] |  115022 [  7.29%] |  350 [ 30.09%] |   0 [  0.00%] |  638 [ 10.73%] |
+---------------------+------------------+------------------+-------------------+----------------+---------------+----------------+


