Copyright 1986-2022 Xilinx, Inc. All Rights Reserved.
-------------------------------------------------------------------------------------------------------------------------------------------------------------------------------
| Tool Version : Vivado v.2022.1 (lin64) Build 3526262 Mon Apr 18 15:47:01 MDT 2022
| Date         : Wed Jun 14 12:08:26 2023
| Host         : HLS04 running 64-bit Ubuntu 20.04.4 LTS
| Command      : report_accelerator_utilization -kernels { Top_Kernel:level0_i/ulp/Top_Kernel_1/inst:Top_Kernel_1} -file kernel_util_routed.rpt -name kernel_util_routed -json
| Design       : level0_wrapper
| Device       : xcu50
| Design State : Routed
-------------------------------------------------------------------------------------------------------------------------------------------------------------------------------

Accelerator Utilization Design Information

Table of Contents
-----------------
1. System Utilization

1. System Utilization
---------------------

+---------------------+------------------+------------------+-------------------+----------------+---------------+----------------+
| Name                | LUT              | LUTAsMem         | REG               | BRAM           | URAM          | DSP            |
+---------------------+------------------+------------------+-------------------+----------------+---------------+----------------+
| Platform            | 125495 [ 14.41%] |   9746 [  2.42%] |  164117 [  9.41%] |  181 [ 13.47%] |   4 [  0.63%] |    4 [  0.07%] |
| User Budget         | 745225 [100.00%] | 392974 [100.00%] | 1579243 [100.00%] | 1163 [100.00%] | 636 [100.00%] | 5948 [100.00%] |
|    Used Resources   |  14811 [  1.99%] |   1679 [  0.43%] |   16784 [  1.06%] |   34 [  2.92%] |   0 [  0.00%] |   56 [  0.94%] |
|    Unused Resources | 730414 [ 98.01%] | 391295 [ 99.57%] | 1562459 [ 98.94%] | 1129 [ 97.08%] | 636 [100.00%] | 5892 [ 99.06%] |
| Top_Kernel          |  14811 [  1.99%] |   1679 [  0.43%] |   16784 [  1.06%] |   34 [  2.92%] |   0 [  0.00%] |   56 [  0.94%] |
|    Top_Kernel_1     |  14811 [  1.99%] |   1679 [  0.43%] |   16784 [  1.06%] |   34 [  2.92%] |   0 [  0.00%] |   56 [  0.94%] |
+---------------------+------------------+------------------+-------------------+----------------+---------------+----------------+


