Copyright 1986-2022 Xilinx, Inc. All Rights Reserved.
------------------------------------------------------------------------------------------
| Tool Version : Vivado v.2022.1 (lin64) Build 3526262 Mon Apr 18 15:47:01 MDT 2022
| Date         : Mon Jun 19 23:10:45 2023
| Host         : HLS03 running 64-bit Ubuntu 20.04.3 LTS
| Command      : report_utilization -slr -file slr_util_routed.rpt -pb slr_util_routed.pb
| Design       : level0_wrapper
| Device       : xcu50-fsvh2104-2-e
| Speed File   : -2
| Design State : Routed
------------------------------------------------------------------------------------------

Utilization Design Information

Table of Contents
-----------------
1. SLR Connectivity
2. SLR Connectivity Matrix
3. SLR CLB Logic and Dedicated Block Utilization
4. SLR IO Utilization

1. SLR Connectivity
-------------------

+----------------------------------+------+-------+-----------+-------+
|                                  | Used | Fixed | Available | Util% |
+----------------------------------+------+-------+-----------+-------+
| SLR1 <-> SLR0                    | 3472 |       |     23040 | 15.07 |
|   SLR0 -> SLR1                   | 1764 |       |           |  7.66 |
|     Using TX_REG only            |    0 |     0 |           |       |
|     Using RX_REG only            |    0 |     0 |           |       |
|     Using Both TX_REG and RX_REG |    0 |     0 |           |       |
|   SLR1 -> SLR0                   | 1708 |       |           |  7.41 |
|     Using TX_REG only            |    0 |     0 |           |       |
|     Using RX_REG only            |    0 |     0 |           |       |
|     Using Both TX_REG and RX_REG |    0 |     0 |           |       |
+----------------------------------+------+-------+-----------+-------+
| Total SLLs Used                  | 3472 |       |           |       |
+----------------------------------+------+-------+-----------+-------+


2. SLR Connectivity Matrix
--------------------------

+-----------+------+------+
| FROM \ TO | SLR1 | SLR0 |
+-----------+------+------+
| SLR1      |    0 | 1708 |
| SLR0      | 1764 |    0 |
+-----------+------+------+


3. SLR CLB Logic and Dedicated Block Utilization
------------------------------------------------

+----------------------------+--------+-------+--------+--------+
|          Site Type         |  SLR0  |  SLR1 | SLR0 % | SLR1 % |
+----------------------------+--------+-------+--------+--------+
| CLB                        |  35166 | 10545 |  63.98 |  19.53 |
|   CLBL                     |  18347 |  5665 |  62.66 |  19.35 |
|   CLBM                     |  16819 |  4880 |  65.49 |  19.74 |
| CLB LUTs                   | 165342 | 57037 |  37.61 |  13.20 |
|   LUT as Logic             | 148832 | 53139 |  33.85 |  12.30 |
|     using O5 output only   |   2870 |   459 |   0.65 |   0.11 |
|     using O6 output only   | 118519 | 41710 |  26.96 |   9.66 |
|     using O5 and O6        |  27443 | 10970 |   6.24 |   2.54 |
|   LUT as Memory            |  16510 |  3898 |   8.04 |   1.97 |
|     LUT as Distributed RAM |   6370 |  2674 |   3.10 |   1.35 |
|       using O5 output only |      0 |     0 |   0.00 |   0.00 |
|       using O6 output only |   1284 |   370 |   0.63 |   0.19 |
|       using O5 and O6      |   5086 |  2304 |   2.48 |   1.17 |
|     LUT as Shift Register  |  10140 |  1224 |   4.94 |   0.62 |
|       using O5 output only |      0 |     0 |   0.00 |   0.00 |
|       using O6 output only |   7796 |  1224 |   3.79 |   0.62 |
|       using O5 and O6      |   2344 |     0 |   1.14 |   0.00 |
| CLB Registers              | 228707 | 52207 |  26.01 |   6.04 |
| CARRY8                     |   6894 |   466 |  12.54 |   0.86 |
| F7 Muxes                   |   1865 |  1062 |   0.85 |   0.49 |
| F8 Muxes                   |    221 |   301 |   0.20 |   0.28 |
| F9 Muxes                   |      0 |     0 |   0.00 |   0.00 |
| Block RAM Tile             |  455.5 |    76 |  67.78 |  11.31 |
|   RAMB36/FIFO              |    450 |    76 |  66.96 |  11.31 |
|     RAMB36E2 only          |    450 |    76 |  66.96 |  11.31 |
|   RAMB18                   |     11 |     0 |   0.82 |   0.00 |
| URAM                       |      4 |     0 |   1.25 |   0.00 |
| DSPs                       |    642 |     0 |  22.29 |   0.00 |
| Unique Control Sets        |   5586 |  2042 |   5.08 |   1.89 |
+----------------------------+--------+-------+--------+--------+
* Note: Available Control Sets based on CLB Registers / 8


4. SLR IO Utilization
---------------------

+-----------+-----------+---------+------------+----------+------------+----------+-----+
| SLR Index | Used IOBs | (%)IOBs | Used IPADs | (%)IPADs | Used OPADs | (%)OPADs | GTs |
+-----------+-----------+---------+------------+----------+------------+----------+-----+
| SLR1      |         7 |    3.37 |          0 |     0.00 |          0 |     0.00 |   0 |
| SLR0      |         3 |    1.44 |          0 |     0.00 |          0 |     0.00 |  16 |
+-----------+-----------+---------+------------+----------+------------+----------+-----+
| Total     |        10 |         |          0 |          |          0 |          |  16 |
+-----------+-----------+---------+------------+----------+------------+----------+-----+


