Copyright 1986-2022 Xilinx, Inc. All Rights Reserved.
------------------------------------------------------------------------------------
| Tool Version : Vivado v.2022.1 (lin64) Build 3526262 Mon Apr 18 15:47:01 MDT 2022
| Date         : Mon Jun 19 23:13:35 2023
| Host         : HLS03 running 64-bit Ubuntu 20.04.3 LTS
| Command      : report_qor_assessment -file qor_assessment_post_route_design.rpt
| Design       : level0_wrapper
| Device       : xcu50-fsvh2104-2-e
| Speed File   : -2
| Design State : Routed
------------------------------------------------------------------------------------

Report QoR Assessment

Table of Contents
-----------------
1. Overall Assessment Summary for level0_i/ulp
2. QoR Assessment Details for level0_i/ulp
3. Methodology Check Details for level0_i/ulp

1. Overall Assessment Summary for level0_i/ulp
----------------------------------------------

+----------------------+---------------------------------------------------------------------------------------------+
| QoR Assessment Score | 2 - Implementation may complete. Timing will not meet                                       |
+----------------------+---------------------------------------------------------------------------------------------+
| Flow Guidance        | Run report_methodology and fix or waive warnings                                            |
|                      | Run report_qor_suggestions to generate suggestions that will directly improve REVIEW items. |
+----------------------+---------------------------------------------------------------------------------------------+


2. QoR Assessment Details for level0_i/ulp
------------------------------------------

+-------------+-----------+--------+------+-----------+--------+
| Name        | Threshold | Actual | Used | Available | Status |
+-------------+-----------+--------+------+-----------+--------+
| Utilization |           |        |      |           |     OK |
| Clocking    |           |        |      |           |     OK |
| Congestion  |           |        |      |           |     OK |
| Timing      |           |        |      |           |        |
|   WNS       |     0.000 | -0.003 |   -  |        -  | REVIEW |
|   TNS       |     0.000 | -0.004 |   -  |        -  | REVIEW |
+-------------+-----------+--------+------+-----------+--------+


3. Methodology Check Details for level0_i/ulp
---------------------------------------------

+----------+-------------------+-------------+----------------------+
| ID       | Description       | Criticality | Number of Violations |
+----------+-------------------+-------------+----------------------+
| TIMING-9 | Unknown CDC Logic | Warning     | 1                    |
+----------+-------------------+-------------+----------------------+


