Copyright 1986-2022 Xilinx, Inc. All Rights Reserved.
---------------------------------------------------------------------------------------------------------------------------------------------------------------------------------------------
| Tool Version : Vivado v.2022.1 (lin64) Build 3526262 Mon Apr 18 15:47:01 MDT 2022
| Date         : Wed Jun  7 19:39:13 2023
| Host         : HLS04 running 64-bit Ubuntu 20.04.4 LTS
| Command      : report_accelerator_utilization -kernels { kernel_geqrf_0:level0_i/ulp/kernel_geqrf_0_1/inst:kernel_geqrf_0_1} -file kernel_util_synthed.rpt -name kernel_util_synthed -json
| Design       : level0_wrapper
| Device       : xcu50
| Design State : Synthesized
---------------------------------------------------------------------------------------------------------------------------------------------------------------------------------------------

Accelerator Utilization Design Information

Table of Contents
-----------------
1. System Utilization

1. System Utilization
---------------------

+---------------------+------------------+------------------+-------------------+----------------+---------------+----------------+
| Name                | LUT              | LUTAsMem         | REG               | BRAM           | URAM          | DSP            |
+---------------------+------------------+------------------+-------------------+----------------+---------------+----------------+
| Platform            | 145920 [ 16.76%] |  13711 [  3.40%] |  173965 [  9.98%] |  181 [ 13.47%] |   4 [  0.63%] |    4 [  0.07%] |
| User Budget         | 724800 [100.00%] | 389009 [100.00%] | 1569395 [100.00%] | 1163 [100.00%] | 636 [100.00%] | 5948 [100.00%] |
|    Used Resources   |  15827 [  2.18%] |   2234 [  0.57%] |   17574 [  1.12%] |   40 [  3.44%] |   0 [  0.00%] |   56 [  0.94%] |
|    Unused Resources | 708973 [ 97.82%] | 386775 [ 99.43%] | 1551821 [ 98.88%] | 1123 [ 96.56%] | 636 [100.00%] | 5892 [ 99.06%] |
| kernel_geqrf_0      |  15827 [  2.18%] |   2234 [  0.57%] |   17574 [  1.12%] |   40 [  3.44%] |   0 [  0.00%] |   56 [  0.94%] |
|    kernel_geqrf_0_1 |  15827 [  2.18%] |   2234 [  0.57%] |   17574 [  1.12%] |   40 [  3.44%] |   0 [  0.00%] |   56 [  0.94%] |
+---------------------+------------------+------------------+-------------------+----------------+---------------+----------------+


